// Jest Snapshot v1, https://goo.gl/fbAQLP

exports[`<Body /> Snapshot should match 1`] = `
Object {
  "children": Array [
    <SideBar
      className="side-bar"
      data={Array []}
      handleClick={[Function]}
      handleUserInput={[Function]}
/>,
    <Display
      className="display"
      selectedRecipe={null}
/>,
  ],
  "className": "body",
}
`;
