// Jest Snapshot v1, https://goo.gl/fbAQLP

exports[`Snapshot should match 1`] = `
Object {
  "children": Array [
    <Search
      handleKeyPress={undefined}
      handleSearchClick={undefined}
      handleUserInput={undefined}
/>,
    <List
      data={undefined}
      handleClick={undefined}
      selectedRecipe={undefined}
/>,
  ],
  "className": "sidebar",
}
`;
